[2026-03-11 22:05:29] [Action] Run
[2026-03-11 22:05:54] [Action] Run
[2026-03-11 22:06:41] [Action] Add Bot dummy
[2026-03-11 22:06:47] [Action] Add Bot dummy2
[2026-03-11 22:07:14] [Action] Run
[2026-03-11 22:10:33] [Action] Run
[2026-03-11 22:10:43] [Action] Show
[2026-03-11 22:10:46] [Action] Show
[2026-03-11 22:10:47] [Action] Show
[2026-03-11 22:10:47] [Action] Show
[2026-03-11 22:10:48] [Action] Show
[2026-03-11 22:10:48] [Action] Show
[2026-03-11 22:10:48] [Action] Show
[2026-03-11 22:10:49] [Action] Show
[2026-03-11 22:10:49] [Action] Show
[2026-03-11 22:10:49] [Action] Show
[2026-03-11 22:10:50] [Action] Show
[2026-03-11 22:10:50] [Action] Show
[2026-03-11 22:10:50] [Action] Show
[2026-03-11 22:10:51] [Action] Show
[2026-03-11 22:10:51] [Action] Show
[2026-03-11 22:10:51] [Action] Show
[2026-03-11 22:10:51] [Action] Show
[2026-03-11 22:10:51] [Action] Show
[2026-03-11 22:10:52] [Action] Show
[2026-03-11 22:10:52] [Action] Show
[2026-03-11 22:12:49] [Action] Show
[2026-03-11 22:12:59] [Action] Remove Bot dummy
[2026-03-11 22:13:01] [Action] Remove Bot dummy2
[2026-03-11 22:13:12] [Action] Add Bot dummy
[2026-03-11 22:13:14] [Action] Add Bot dummy2
[2026-03-11 22:13:20] [Action] Show
[2026-03-11 22:13:31] [Action] Show
[2026-03-11 22:13:45] [Action] Show
[2026-03-11 22:13:46] [Action] Show
[2026-03-11 22:14:09] [Action] Show
[2026-03-11 22:14:11] [Action] Show
[2026-03-11 22:14:11] [Action] Show
[2026-03-11 22:14:12] [Action] Show
[2026-03-11 22:14:12] [Action] Show
[2026-03-11 22:14:12] [Action] Show
[2026-03-11 22:14:12] [Action] Show
[2026-03-11 22:14:13] [Action] Show
[2026-03-11 22:14:13] [Action] Show
[2026-03-11 22:14:13] [Action] Show
[2026-03-11 22:14:13] [Action] Show
[2026-03-11 22:14:14] [Action] Show
[2026-03-11 22:14:14] [Action] Show
[2026-03-11 22:14:14] [Action] Show
[2026-03-11 22:14:14] [Action] Show
[2026-03-11 22:14:15] [Action] Show
[2026-03-11 22:14:15] [Action] Show
[2026-03-11 22:15:17] [Action] Show
[2026-03-11 22:15:19] [Action] Show
[2026-03-11 22:15:20] [Action] Show
[2026-03-11 22:15:20] [Action] Show
[2026-03-11 22:15:20] [Action] Show
[2026-03-11 22:15:20] [Action] Show
[2026-03-11 22:15:20] [Action] Show
[2026-03-11 22:15:21] [Action] Show
[2026-03-11 22:15:21] [Action] Show
[2026-03-11 22:15:21] [Action] Show
[2026-03-11 22:15:21] [Action] Show
[2026-03-11 22:15:21] [Action] Show
[2026-03-11 22:15:21] [Action] Show
[2026-03-11 22:15:22] [Action] Show
[2026-03-11 22:15:23] [Action] Show
[2026-03-11 22:15:23] [Action] Show
[2026-03-11 22:15:23] [Action] Show
[2026-03-11 22:15:23] [Action] Show
[2026-03-11 22:15:23] [Action] Show
[2026-03-11 22:15:23] [Action] Show
[2026-03-11 22:15:24] [Action] Show
[2026-03-11 22:15:24] [Action] Show
[2026-03-11 22:15:25] [Action] Show
[2026-03-11 22:55:44] [Action] Show
[2026-03-11 22:55:46] [Action] Show
[2026-03-11 22:55:46] [Action] Show
[2026-03-11 22:55:46] [Action] Show
[2026-03-11 22:55:46] [Action] Show
[2026-03-11 22:55:46] [Action] Show
[2026-03-11 22:55:46] [Action] Show
[2026-03-11 22:55:47] [Action] Show
[2026-03-11 22:55:47] [Action] Show
[2026-03-11 22:55:48] [Action] Show
[2026-03-11 22:55:49] [Action] Show
[2026-03-11 22:55:49] [Action] Show
[2026-03-11 22:55:49] [Action] Show
